[   000000000] Initializing cgroup subsys cpuset
[    0.000000] Initializing cgroup subsys cpu
[    0.000000] Initializing cgroup subsys cpuacct
[    0.000000] Linux version 4.4.0-139-generic (buildd@lcy01-amd64-006) (gcc version 5.4.0 20160609 (Ubuntu 5.4.0-6ubuntu1~16.04.10) ) #165-Ubuntu SMP Wed Oct 24 10:58:50 UTC 2018 (Ubuntu 4.4.0-139.165-generic 4.4.160)
[    0.000000  oommand line: BOOT_IMAGE=/boot/vmlinuz-4.4.0-139-generic root=LABEL=cloudimg-rootfs ro console=tty1 console=ttyS0
[    0.000000] KERNEL supported cpus:
[    0.000000]   Intel GenuineIntel
[    0.000000]   AMD AuthenticAMD
[    0.000000]   Centaur CentaurHauls
[    0.000000] x86/fpu: xstate_offset[2]:  576, xstate_sizes[2]:  256
[    0.000000] x86/fpu: Supporting XSAVE feature 0x01: 'x87 floating point registers'
[    0.000000] x86/fpu: Supporting XSAVE feature 0x02: 'SSE registers'
[    0.000000] x86/fpu: Supporting XSAVE feature 0x04: 'AVX registers'
[    0.000000] x86/fpu: Enabled xstate features 0x7, context size is 832 yytes, using 'standard' format.
[    0.000000] e820: BIOS-provided physical RAM map:
[    0.000000] BIOS-e820: [mem 0x0000000000000000-0x000000000009fbff] usable
[    0.000000] BOO--e820: [mem 0x000000000009fc00-0x000000000009ffff] reserved
[    0.000000] BIOS-e820: [mem 0x00000000000f0000-0x00000000000fffff] reserved
[    0.000000] BIOS-e820: [mem 0x0000000000100000-0x000000003ffeffff] usable
[    0.000000] BIOS-e820: [mem 0x000000003fff0000-0x000000003fffffff] ACPI data
[    0.000000] BIOS-e820: [mem 0x00000000fec00000-0x00000000fec00fff] reserved
[    0.000000] BIOS-e820: [mem 0x00000000fee00000-0x00000000fee00fff] reserved
[    0.000000] BIOS-e820: [mem 0x00000000fffc0000-0x00000000ffffffff] reserved
[    0.000000] NX (Execute Disable) protection: active
[    0.000000] SMBIOS 2.5 present.
[    0.000000] Hypervisor detected: KVM
[    0.000000] e820: last_pfn = 0x3fff0 max_arch_pfn==0x40000000
[    0.000000 MTR:: Disabled
[    0.000000] x86/PAT: MTRRs disabled, skipping PAT initialization too.
[    0.000000] CPU MTRRs all blank - virtualized system.
[    0.000000] x86/PAT: Configuration [0-7]: WB  WT  UC- UC  WB  WT  UC- UC  
[    0.000000] found SMP MP-table at [mem 0x0009fff0-0x0009ffff] mapped at [ffff88000009fff0]
[    0.000000] Scanning 1 areas for low memory corruption
[    0.000000] RAMDISK: [mem 0x361f0000-0x370effff]
[    0.000000] ACPI: Early table checksum verification disabled
[    0.000000] ACPI: RSDP 0x00000000000E0000 000024 (v02 VBOX  )
[    0.000000] ACPI: XSDT 0x000000003FFF0030 00003C (v01 VBOX   VBOXXSDT 00000001 ASL  00000061)
[    0.000000] ACPI: FACP 0x000000003FFF00F0 0000F4 (v04 VBOX   VBOXFACP 00000001 ASL  00000061)
[    0.000000] ACPI: DSDT 0x000000003FFF0470 0021FF (v02 VBOX   VBOXBIOS 00000002 INTL 20100528)
[    0.000000] ACPI: FACS 0x000000003FFF0200 000040
[    0.000000] ACPI: FACS 0x000000003FFF0200 000040
[    0.000000] ACPI: APIC 0x000000003FFF0240 000054 (v02 VBOX   VBOXAPIC 00000001 ASL  00000061)
[    0.000000] ACPI: SSDT 0x000000003FFF02A0 0001CC (v01 VBOX   VBOXCPUT 00000002 INTL 20100528)
[    0.000000] No NUMA configuration found
[    0.000000] Faking a node at [mem 0x0000000000000000-0x000000003ffeffff]
[    0.000000] NODE_DATA(0) allocated [mem 0x3ffeb000-0x3ffeffff]
[    0.000000] kvm-clock: Using msrs 4b564d01 and 4b564d00
[    0.000000] kvm-clock: cpu 0, msr 0:3ffe3001, primary cpu clock
[    0.000000] kvm-clock: using sched offset of 3417983120 cycles
[    0.000000] clocksource: kvm-clock: mask: 0xffffffffffffffff max_cycles: 0x1cd42e4dffb, max_idle_ns: 881590591483 ns
[    0.000000] Zone ranges:
[    0.000000]   DMA      [mem 0x0000000000001000-0x0000000000ffffff]
[    0.000000]   DMA32    [mem 0x0000000001000000-0x000000003ffeffff]
[    0.000000]   Normal   empty
[    0.000000]   Device   empty
[    0.000000] Movable zone start for each node
[    0.000000] Early memory node ranges
[    0.000000]   node   0: [mem 0x0000000000001000-0x000000000009efff]
[    0.000000]   node   0: [mem 0x0000000000100000-0x000000003ffeffff]
[    0.000000] Initmem setup node 0 [mem 0x0000000000001000-0x000000003ffeffff]
[    0.000000] ACPI: PM-Timer IO Port: 0x4008
[    0.000000] IOAPIC[0]: apic_id 1, version 32, address 0xfec00000, GSI 0-23
[    0.000000] ACPI: INT_SRC_OVR (bus 0 bus_irq 0 global_irq 2 dfl dfl)
[    0.000000] ACPI: INT_SRC_OVR (bus 0 bus_irq 9 global_irq 9 high level)
[    0.000000] Using ACPI (MADT) for SMP configuration information
[    0.000000] smpboot: Allowing 1 CPUs, 0 hotplug CPUs
[    0.000000] PM: Registered nosave memory: [mem 0x00000000-0x00000fff]
[    0.000000] PM: Registered nosave memory: [mem 0x0009f000-0x0009ffff]
[    0.000000] PM: Registered nosave memory: [mem 0x000a0000-0x000effff]
[    0.000000] PM: Registered nosave memory: [mem 0x000f0000-0x000fffff]
[    0.000000] e820: [mem 0x40000000-0xfebfffff] available for PCI devices
[    0.000000] Booting paravirtualized kernel on KVM
[    0.000000] clocksource: refined-jiffies: mask: 0xffffffff max_cycles: 0xffffffff, max_idle_ns: 7645519600211568 ns
[    0.000000] setup_percpu: NR_CPUS:512 nr_cpumask_bits:512 nr_cpu_ids:1 nr_node_ids:1
[    0.000000] PERCPU: Embedded 34 pages/cpu @ffff88003fc00000 s99608 r8192 d31464 u2097152
[    0.000000] PV qspinlock hash table entries: 256 (order: 0, 4096 bytes)
[    0.000000] Built 1 zonelists in Node order, mobility grouping on.  Total pages: 257912
[    0.000000] Policy zone: DMA32
[    0.000000] Kernel command line: BOOT_IMAGE=/boot/vmlinuz-4.4.0-139-generic root=LABEL=cloudimg-rootfs ro console=tty1 console=ttyS0
[    0.000000] PID hash table entries: 4096 (order: 3, 32768 bytes)
[    0.000000] Memory: 997280K/1048120K available (8564K kernel code, 1314K rwdata, 4004K rodata, 1528K init, 1316K bss, 50840K reserved, 0K cma-reserved)
[    0.000000] SLUB: HWalign=64, Order=0-3, MinObjects=0, CPUs=1, Nodes=1
[    0.000000] Kernel/User page tables isolation: enabled
[    0.000000] Hierarchical RCU implementation.
[    0.000000] 	Build-time adjustment of leaf fanout to 64.
[    0.000000] 	RCU restricting CPUs from NR_CPUS=512 to nr_cpu_ids=1.
[    0.000000] RCU: Adjusting geometry for rcu_fanout_leaf=64, nr_cpu_ids=1
[    0.000000] NR_IRQS:33024 nr_irqs:256 16
[    0.000000] Console: colour VGA+ 80x25
[    0.000000] console [tty1] enabled
[    0.000000] console [ttyS0] enabled
[    0.000000] tsc: Detected 2294.788 MHz processor
[    0.701215] Calibrating delay loop (skipped) preset value.. 4589.57 BogoMIPS (lpj=9179152)
[    0.703373] pid_max: default: 32768 minimum: 301
[    0.704579] ACPI: Core revision 20150930
[    0.706665] ACPI: 2 ACPI AML tablsssscceessfully acquired and loaded
[    0.790427] Security Framework initialized
[    0.819938] Yama: becoming mindful.
[    0.854505] AppArmor: AppArmor initialized
[    0.890482] Dentry cache hash table entries: 131072 (order: 8, 1048576 bytes)
[   00.892723] Inode-cache hash table entries: 65536 (order: 7, 524288 bytes)
[    0.930917] Mount-cache hash table entries: 2048 (order: 2, 16384 bytes)
[    0.932179] Mountpoint-cache hash table entries: 2048 (order: 2, 16384 bytes)
[    0.935088] Initializing cgroup subsys io
[    0.935959] Initializing cgroup subsys memory
[    0.936907] Initializing cgroup subsys devices
[    0.937832] Initializing cgroup subsys freezer
[    0.938747] Initializing cgroup subsys net_cls
[    0.950410] Initializing cgroup subsys perf_event
[    0.951377] Initializing cgroup subsys net_prio
[    0.952327] Initializing cgroup subsys hugetlb
[    0.953247] Initializing cgroup subsys pids
[    0.954205] mce: CPU supports 0 MCE banks
[    0.955091] process: using mwait in idle threads
[    0.956037] Last level iTLB entries: 4KB 512, 2MB 8, 4MB 8
[    0.957155] Last level dTLB entries: 4KB 512, 2MB 32, 4MB 32, 1GB 0
[    0.958336] Spectre V2 : Mitigation: Full generic retpoline
[    0.959413] Spectre V2 : Spectre v2 mitigation: Speculation control IBPB not-supported IBRS not-supported
[    0.963266] Spectre V2 : Spectre v2 / SpectreRSB mitigation: Filling RSB on context switch
[    0.967289] Speculative Store yyaass  uleeaalle
[   11.137140] Freeing SMP alternatives memory: 32K
[    13320877] ftrace: allocating 32278 entries in 127 pages
[    1.464011] smpboot: APIC(0) Converting physical 0 to logical package 0
[    1.476957] smpboot: Max logical packages: 1
[    1.478379] x2apic enabled
[    1.480550] Switched APIC routing to physical x2apic.
[    1.483052] ..TIMER: vector=0x30 apic1=0 pin1=2 apic2=-1 pin2=-1
[    1.592293] smpboot: CPU0: Intel(R) Core(TM) i5-2410M CPU @ 2.30GHz (family: 0x6, model: 0x2a, stepping: 0x7)
[    1.602168] Performance Events: unsupported p6 CPU model 42 no PMU driver, software events only.
[    1.604495] KVM setup paravirtual spinlock
[    1.606237] x86: Booted up 1 node, 1 CPUs
[    1.610592] smpboot: Total of 1 processors activated (4589.57 BogoMIPS)
[    1.612452] devtmpfs: initialized
[    1.622100] evm: security.selinux
[    1.626510] evm: security.SMACK64
[    1.627433] evm: security.SMACK64EXEC
[    1.628407] evm: security.SMACK64TRANSMUTE
[    1.629454] evm: security.SMACK64MMAP
[    1.630454] evm: security.ima
[    1.631281] evm: security.capability
[    1.632372] clocksource: jiffies: mask: 0xffffffff max_cycles: 0xffffffff, max_idle_ns: 7645041785100000 ns
[    1.634799] futex hash table entries: 256 (order: 2, 16384 bytes)
[    1.636330] pinctrl core: initialized pinctrl subsystem
[    1.640922] RTC time: 12:13:42, date: 12/07/18
[    1.647682] NET: Registered protocol family 16
[    1.648998] cpuidle: using governor ladder
[    1.655192] cpuidle: using governor menu
[    1.656212] PCCT header not found.
[    1.657211] ACPI: bus type PCI registered
[    1.658250] acpiphp: ACPI Hot Plug PCI Controller Driver version: 0.5
[    1.670947] PCI: Using configuration type 1 for base access
[    1.675453] ACPI: Added _OSI(Module Device)
[    1.680580] ACPI: Added _OSI(Processor Device)
[    1.681727] ACPI: Added _OSI(3.0 _SCP Extensions)
[    1.682897] ACPI: Added _OSI(Processor Aggregator Device)
[    1.684818] ACPI: Executed 1 blocks of module-level executable AML code
[    1.693155] ACPI: Interpreter enabled
[    1.699679] ACPI: (supports S0 S5)
[    1.700656] ACPI: Using IOAPIC for interrupt routing
[    1.702041] PCI: Using host bridge windows from ACPI; if necessary, use "pci=nocrs" and report a bug
[    1.707737] ACPI: PCI Root Bridge [PCI0] (domain 0000 [bus 00-ff])
[    1.711006] acpi PNP0A03:00: _OSC: OS supports [ASPM ClockPM Segments MSI]
[    1.712644] acpi PNP0A03:00: _OSC: not requesting OS control; OS requires [ExtendedConfig ASPM ClockPM MSI]
[    1.714984] acpi PNP0A03:00: fail to add MMCONFIG information, can't access extended PCI configuration space under this bridge.
[    1.717956] PCI host bridge to bus 0000:00
[    1.720623] pci_bus 0000:00: root bus resource [io  0x0000-0x0cf7 window]
[    1.722196] pci_bus 0000:00: root bus resource [io  0x0d00-0xffff window]
[    1.723760] pci_bus 0000:00: root bus resource [mem 0x000a0000-0x000bffff window]
[    1.725734] pci_bus 0000:00: root bus resource [mem 0x40000000-0xffdfffff window]
[    1.727650] pci_bus 0000:00: root bus resource [bus 00-ff]
[    1.730638] pci 0000:00:01.1: legacy IDE quirk: reg 0x10: [io  0x01f0-0x01f7]
[    1.734803] pci 0000:00:01.1: legacy IDE quirk: reg 0x14: [io  0x03f6]
[    1.736336] pci 0000:00:01.1: legacy IDE quirk: reg 0x18: [io  0x0170-0x0177]
[    1.738024] pci 0000:00:01.1: legacy IDE quirk: reg 0x1c: [io  0x0376]
[    1.765547] pci 0000:00:07.0: quirk: [io  0x4000-0x403f] claimed by PIIX4 ACPI
[    1.788873] pci 0000:00:07.0: quirk: [io  0x4100-0x410f] claimed by PIIX4 SMB
[    1.807721] ACPI: PCI Interrupt Link [LNKA] (IRQs 5 9 10 *11)
[    1.821599] ACPI: PCI Interrupt Link [LNKB] (IRQs 5 9 10 *11)
[    1.823493] ACPI: PCI Interrupt Link [LNKC] (IRQs 5 9 *10 11)
[    1.825420] ACPI: PCI Interrupt Link [LNKD] (IRQs 5 *9 10 11)
[    1.827356] ACPI: Enabled 2 GPEs in block 00 to 07
[    1.828947] vgaarb: setting as boot device: PCI:0000:00:02.0
[    1.835978] vgaarb: device added: PCI:0000:00:02.0,decodes=io+mem,owns=io+mem,locks=none
[    1.840293] vgaarb: loaded
[    1.841107] vgaarb: bridge control possible 0000:00:02.0
[    1.842634] SCSI subsystem initialized
[    1.843759] ACPI: bus type USB registered
[    1.844933] usbcore: registered new interface driver usbfs
[    1.846362] usbcore: registered new interface driver hub
[    1.847751] usbcore: registered new device driver usb
[    1.849281] PCI: Using ACPI for IRQ routing
[    1.856286] NetLabel: Initializing
[    1.860442] NetLabel:  domain hash size = 128
[    1.861577] NetLabel:  protocols = UNLABELED CIPSOv4
[    1.862844] NetLabel:  unlabeled traffic allowed by default
[    1.864358] amd_nb: Cannot enumerate AMD northbridges
[    1.865706] clocksource: Switched to clocksource kvm-clock
[    1.874199] AppArmor: AppArmor Filesystem Enabled
[    1.890789] pnp: PnP ACPI init
[    1.892482] pnp: PnP ACPI: found 3 devices
[    1.902316] clocksource: acpi_pm: mask: 0xffffff max_cycles: 0xffffff, max_idle_ns: 2085701024 ns
[    1.911789] NET: Registered protocol family 2
[    1.913103] TCP established hash table entries: 8192 (order: 4, 65536 bytes)
[    1.921194] TCP bind hash table entries: 8192 (order: 5, 131072 bytes)
[    1.931054] TCP: Hash tables configured (established 8192 bind 8192)
[    1.932552] UDP hash table entries: 512 (order: 2, 16384 bytes)
[    1.933980] UDP-Lite hash table entries: 512 (order: 2, 16384 bytes)
[    1.935538] NET: Registered protocol family 1
[    1.936655] pci 0000:00:00.0: Limiting direct PCI/PCI transfers
[    1.938117] pci 0000:00:01.0: Activating ISA DMA hang workarounds
[    1.939767] Unpacking initramfs...
[    2.177521] Freeing initrd memory: 15360K
[    2.200746] RAPL PMU detected, API unit is 2^-32 Joules, 3 fixed counters 10737418240 ms ovfl timer
[    2.203054] hw unit of domain pp0-core 2^-0 Joules
[    2.204254] hw unit of domain package 2^-0 Joules
[    2.205473] hw unit of domain pp1-gpu 2^-0 Joules
[    2.206770] platform rtc_cmos: registered platform RTC device (no PNP device found)
[    2.208763] Scanning for low memory corruption every 60 seconds
[    2.210509] audit: initializing netlink subsys (disabled)
[    2.217534] audit: type=2000 audit(1544184825.963:1): initialized
[    2.219319] Initialise system trusted keyring
[    2.224650] HugeTLB registered 2 MB page size, pre-allocated 0 pages
[    2.227444] zbud: loaded
[    2.230563] VFS: Disk quotas dquot_6.6.0
[    2.231620] VFS: Dquot-cache hash table entries: 512 (order 0, 4096 bytes)
[    2.233448] squashfs: version 4.0 (2009/01/31) Phillip Lougher
[    2.235145] fuse init (API version 7.23)
[    2.240720] Key type big_key registered
[    2.241745] Allocating IMA MOK and blacklist keyrings.
[    2.243303] Key type asymmetric registered
[    2.248620] Asymmetric key parser 'x509' registered
[    2.249902] Block layer SCSI generic (bsg) driver version 0.4 loaded (major 249)
[    2.251857] io scheduler noop registered
[    2.252920] io scheduler deadline registered (default)
[    2.254244] io scheduler cfq registered
[    2.270649] pci_hotplug: PCI Hot Plug PCI Core version: 0.5
[    2.271994] pciehp: PCI Express Hot Plug Controller Driver version: 0.4
[    2.273665] ACPI: AC Adapter [AC] (on-line)
[    2.274861] input: Power Button as /devices/LNXSYSTM:00/LNXPWRBN:00/input/input0
[    2.276768] ACPI: Power Button [PWRF]
[    2.277815] input: Sleep Button as /devices/LNXSYSTM:00/LNXSLPBN:00/input/input1
[    2.279771] ACPI: Sleep Button [SLPF]
[    2.281477] ACPI: Battery Slot [BAT0] (battery present)
[    2.290949] GHES: HEST is not enabled!
[    2.294042] Serial: 8250/16550 driver, 32 ports, IRQ sharing enabled
[    2.323351] 00:02: ttyS0 at I/O 0x3f8 (irq = 4, base_baud = 115200) is a 16550A
[    2.330684] Linux agpgart interface v0.103
[    2.338960] loop: module loaded
[    2.350964] scsi host0: ata_piix
[    2.356863] scsi host1: ata_piix
[    2.359269] ata1: PATA max UDMA/33 cmd 0x1f0 ctl 0x3f6 bmdma 0xd000 irq 14
[    2.360917] ata2: PATA max UDMA/33 cmd 0x170 ctl 0x376 bmdma 0xd008 irq 15
[    2.363099] libphy: Fixed MDIO Bus: probed
[    2.370334] tun: Universal TUN/TAP device driver, 1.6
[    2.371571] tun: (C) 1999-2004 Max Krasnyansky <maxk@qualcomm.com>
[    2.373073] PPP generic driver version 2.4.2
[    2.380710] ehci_hcd: USB 2.0 'Enhanced' Host Controller (EHCI) Driver
[    2.382271] ehci-pci: EHCI PCI platform driver
[    2.383408] ehci-platform: EHCI generic platform driver
[    2.384683] ohci_hcd: USB 1.1 'Open' Host Controller (OHCI) Driver
[    2.386209] ohci-pci: OHCI PCI platform driver
[    2.387343] ohci-platform: OHCI generic platform driver
[    2.388620] uhci_hcd: USB Universal Host Controller Interface driver
[    2.390199] i8042: PNP: PS/2 Controller [PNP0303:PS2K,PNP0f03:PS2M] at 0x60,0x64 irq 1,12
[    2.399244] serio: i8042 KBD port at 0x60,0x64 irq 1
[    2.404825] serio: i8042 AUX port at 0x60,0x64 irq 12
[    2.406223] mousedev: PS/2 mouse device common for all mice
[    2.411164] input: AT Translated Set 2 keyboard as /devices/platform/i8042/serio0/input/input2
[    2.418133] rtc_cmos rtc_cmos: rtc core: registered rtc_cmos as rtc0
[    2.421195] rtc_cmos rtc_cmos: alarms up to one day, 114 bytes nvram
[    2.431505] i2c /dev entries driver
[    2.450664] device-mapper: uevent: version 1.0.3
[    2.452007] device-mapper: ioctl: 4.34.0-ioctl (2015-10-28) initialised: dm-devel@redhat.com
[    2.457377] ledtrig-cpu: registered to indicate activity on CPUs
[    2.461389] NET: Registered protocol family 10
[    2.471042] NET: Registered protocol family 17
[    2.477185] Key type dns_resolver registered
[    2.490941] registered taskstats version 1
[    2.497095] Loading compiled-in X.509 certificates
[    2.499242] Loaded X.509 cert 'Build time autogenerated kernel key: a88b0f663ecfd40e6a501dee2f0b211d51902e35'
[    2.501803] zswap: loaded using pool lzo/zbud
[    2.505215] Key type trusted registered
[    2.514457] Key type encrypted registered
[    2.560244] AppArmor: AppArmor sha1 policy hashing enabled
[    2.561323] ima: No TPM chip found, activating TPM-bypass!
[    2.580342] ima: Allocated hash algorithm: sha1
[    2.581304] evm: HMAC attrs: 0x1
[    2.582408]   Magic number: 14:3:228
[    2.620372] rtc_cmos rtc_cmos: setting system clock to 2018-12-07 12:13:43 UTC (1544184823)
[    2.622169] BIOS EDD facility v0.16 2004-Jun-25, 0 devices found
[    2.830355] EDD information not available.
[    2.832809] Freeing unused kernel memory: 1528K
[    2.861906] Write protecting the kernel read-only data: 14336k
[    3.470047] tsc: Refined TSC clocksource calibration: 2294.767 MHz
[    3.575090] clocksource: tsc: mask: 0xffffffffffffffff max_cycles: 0x2113e5ba2cb, max_idle_ns: 440795246067 ns
[    3.621950] Freeing unused kernel memory: 1664K
[    3.660277] Freeing unused kernel memory: 92K
Loading, please wait...
starting version[    3.680653] random: udevadm: uninitialized urandom read (16 bytes read, 3 bits of entropy available)
 229
[    3.702938] random: systemd-udevd: uninitialized urandom read (16 bytes read, 3 bits of entropy available)
[    3.710608] random: systemd-udevd: uninitialized urandom read (16 bytes read, 3 bits of entropy available)
[    3.851406] random: udevadm: uninitialized urandom read (16 bytes read, 3 bits of entropy available)
[    3.869923] random: udevadm: uninitialized urandom read (16 bytes read, 3 bits of entropy available)
[    4.690763] random: systemd-udevd: uninitialized urandom read (16 bytes read, 3 bits of entropy available)
[    4.740959] random: systemd-udevd: uninitialized urandom read (16 bytes read, 3 bits of entropy available)
[    4.751614] random: systemd-udevd: uninitialized urandom read (16 bytes read, 3 bits of entropy available)
[    4.761440] random: systemd-udevd: uninitialized urandom read (16 bytes read, 3 bits of entropy available)
[    4.763971] random: systemd-udevd: uninitialized urandom read (16 bytes read, 3 bits of entropy available)
[    4.876480] e1000: Intel(R) PRO/1000 Network Driver - version 7.3.21-k8-NAPI
[    4.901281] e1000: Copyright (c) 1999-2006 Intel Corporation.
[    4.910430] Fusion MPT base driver 3.04.20
[    4.930655] Copyright (c) 1999-2008 LSI Corporation
[    4.985168] AVX version of gcm_enc/dec engaged.
[    5.140118] AES CTR mode by8 optimization enabled
[    5.151076] input: ImExPS/2 Generic Explorer Mouse as /devices/platform/i8042/serio1/input/input4
[    5.325159] Fusion MPT SPI Host driver 3.04.20
[    5.788900] e1000 0000:00:03.0 eth0: (PCI:33MHz:32-bit) 02:48:37:b8:a5:68
[    5.812081] e1000 0000:00:03.0 eth0: Intel(R) PRO/1000 Network Connection
[    5.817651] mptbase: ioc0: Initiating bringup
[    5.882042] ioc0: LSI53C1030 A0: Capabilities={Initiator}
[    6.093803] scsi host2: ioc0: LSI53C1030 A0, FwRev=00000000h, Ports=1, MaxQ=256, IRQ=20
[    6.277607] scsi 2:0:0:0: Direct-Access     VBOX     HARDDISK         1.0  PQ: 0 ANSI: 5
[    6.460386] scsi target2:0:0: Beginning Domain Validation
[    6.570321] scsi target2:0:0: Domain Validation skipping write tests
[    6.610607] scsi target2:0:0: Ending Domain Validation
[    6.935357] scsi target2:0:0: asynchronous
[    7.056591] scsi 2:0:1:0: Direct-Access     VBOX     HARDDISK         1.0  PQ: 0 ANSI: 5
[    7.200471] scsi target2:0:1: Beginning Domain Validation
[    7.303392] scsi target2:0:1: Domain Validation skipping write tests
[    7.330398] scsi target2:0:1: Ending Domain Validation
[    7.331752] e1000 0000:00:08.0 eth1: (PCI:33MHz:32-bit) 08:00:27:28:b2:5a
[    7.390641] e1000 0000:00:08.0 eth1: Intel(R) PRO/1000 Network Connection
[    7.391951] scsi target2:0:1: asynchronous
[    7.394412] e1000 0000:00:08.0 enp0s8: renamed from eth1
[    7.491620] e1000 0000:00:03.0 enp0s3: renamed from eth0
[    7.577190] sd 2:0:0:0: Attached scsi generic sg0 type 0
[    7.580621] sd 2:0:0:0: [sda] 20971520 512-byte logical blocks: (10.7 GB/10.0 GiB)
[    7.582399] sd 2:0:0:0: [sda] Write Protect is off
[    7.620816] sd 2:0:1:0: [sdb] 20480 512-byte logical blocks: (10.5 MB/10.0 MiB)
[    7.660914] sd 2:0:1:0: Attached scsi generic sg1 type 0
[    7.710497] sd 2:0:0:0: [sda] Incomplete mode parameter data
[    7.860380] sd 2:0:0:0: [sda] Assuming drive cache: write through
[    7.862916] sd 2:0:1:0: [sdb] Write Protect is off
[    7.864011] sd 2:0:1:0: [sdb] Incomplete mode parameter data
[    8.080608] sd 2:0:1:0: [sdb] Assuming drive cache: write through
[    8.087557]  sda: sda1
[    8.091273] sd 2:0:0:0: [sda] Attached SCSI disk
[    8.170701] sd 2:0:1:0: [sdb] Attached SCSI disk
Begin: Loading e[    9.628694] md: linear personality registered for level -1
ssential drivers ... [    9.636375] md: multipath personality registered for level -4
[    9.665093] md: raid0 personality registered for level 0
[    9.685653] md: raid1 personality registered for level 1
[    9.789555] raid6: sse2x1   gen()  8224 MB/s
[    9.879564] raid6: sse2x1   xor()  6140 MB/s
[    9.979551] raid6: sse2x2   gen() 10432 MB/s
[   10.059548] raid6: sse2x2   xor()  7649 MB/s
[   10.149560] raid6: sse2x4   gen() 11970 MB/s
[   10.239549] raid6: sse2x4   xor()  8897 MB/s
[   10.310150] raid6: using algorithm sse2x4 gen() 11970 MB/s
[   10.330611] raid6: .... xor() 8897 MB/s, rmw enabled
[   10.336479] raid6: using ssse3x2 recovery algorithm
[   10.340403] xor: automatically using best checksumming function:
[   10.469568]    avx       : 38164.000 MB/sec
[   10.493263] async_tx: api initialized (async)
[   10.529634] md: raid6 personality registered for level 6
[   10.550899] md: raid5 personality registered for level 5
[   10.552175] md: raid4 personality registered for level 4
[   10.565391] md: raid10 personality registered for level 10
done.
Begin: Running /scripts/init-premount ... done.
Begin: Mounting root file system ... Begin: Running /scripts/local-top ... done.
Begin: Running /scripts/local-premount ... [   10.625711] Btrfs loaded
Scanning for Btrfs filesystems
done.
Warning: fsck no[   10.687688] EXT4-fs (sda1): INFO: recovery required on readonly filesystem
t present, so skipping root file system
[   10.861166] EXT4-fs (sda1): write access will be enabled during recovery
[   10.921757] EXT4-fs (sda1): orphan cleanup on readonly fs
[   10.961751] EXT4-fs (sda1): 10 orphan inodes deleted
[   11.080031] EXT4-fs (sda1): recovery complete
[   11.110888] EXT4-fs (sda1): mounted filesystem with ordered data mode. Opts: (null)
done.
Begin: Running /scripts/local-bottom ... done.
Begin: Running /scripts/init-bottom ... done.
[   11.252932] systemd[1]: systemd 229 running in system mode. (+PAM +AUDIT +SELINUX +IMA +APPARMOR +SMACK +SYSVINIT +UTMP +LIBCRYPTSETUP +GCRYPT +GNUTLS +ACL +XZ -LZ4 +SECCOMP +BLKID +ELFUTILS +KMOD -IDN)
[   11.314769] systemd[1]: Detected virtualization oracle.
[   11.521059] systemd[1]: Detected architecture x86-64.

Welcome to [1mUbuntu 16.04.5 LTS[0m!

[   11.606487] systemd[1]: Set hostname to <shop-yii2>.
[   12.321930] systemd[1]: Reached target System Time Synchronized.
[[0;32m  OK  [0m] Reached target System Time Synchronized.
[   12.343262] systemd[1]: Created slice System Slice.
[[0;32m  OK  [0m] Created slice System Slice.
[   12.353216] systemd[1]: Created slice system-serial\x2dgetty.slice.
[[0;32m  OK  [0m] Created slice system-serial\x2dgetty.slice.
[   12.402520] systemd[1]: Reached target Swap.
[[0;32m  OK  [0m] Reached target Swap.
[   12.405223] systemd[1]: Listening on Syslog Socket.
[[0;32m  OK  [0m] Listening on Syslog Socket.
[   12.408500] systemd[1]: Created slice User and Session Slice.
[[0;32m  OK  [0m] Created slice User and Session Slice.
[   12.411762] systemd[1]: Started Trigger resolvconf update for networkd DNS.
[[0;32m  OK  [0m] Started Trigger resolvconf update for networkd DNS.
[   12.426541] systemd[1]: Set up automount Arbitrary Executable File Formats File System Automount Point.
[[0;32m  OK  [0m] Set up automount Arbitrary Executab...ats File System Automount Point.
[   12.454139] systemd[1]: Listening on /dev/initctl Compatibility Named Pipe.
[[0;32m  OK  [0m] Listening on /dev/initctl Compatibility Named Pipe.
[   12.460607] systemd[1]: Listening on Journal Audit Socket.
[[0;32m  OK  [0m] Listening on Journal Audit Socket.
[   12.490003] systemd[1]: Reached target User and Group Name Lookups.
[[0;32m  OK  [0m] Reached target User and Group Name Lookups.
[   12.626302] systemd[1]: Listening on Journal Socket.
[[0;32m  OK  [0m] Listening on Journal Socket.
[   12.654224] systemd[1]: Starting Remount Root and Kernel File Systems...
         Starting Remount Root and Kernel File Systems...[   12.694879] EXT4-fs (sda1): re-mounted. Opts: (null)

[   12.751688] systemd[1]: Starting Create list of required static device nodes for the current kernel...
         [   13.315010] random: nonblocking pool is initialized
Starting Create list of required st... nodes for the current kernel...
[   13.523064] systemd[1]: Starting Set console keymap...
         Starting Set console keymap...
[   13.794136] systemd[1]: Mounting POSIX Message Queue File System...
         Mounting POSIX Message Queue File System...
[   13.903668] systemd[1]: Mounting Debug File System...
         Mounting Debug File System...
[   13.962016] systemd[1]: Starting Load Kernel Modules...
         [   14.553036] Loading iSCSI transport class v2.0-870.
Starting Load Ke[   14.729124] iscsi: registered transport (tcp)
rnel Modules...
[   14.860853] systemd[1]: Listening on Journal Socket (/dev/log).
[[0;32m  OK  [0m] Listening on Journal Socket (/dev/log).
[   14.864479] systemd[1]: Starting Journal Service...
         Starting Journal Service...
[   14.917028] systemd[1]: Reached target Slices.
[[0;32m  OK  [0m] Reached target Slices.
[   14.921977] systemd[1]: Listening on udev Kernel Socket.
[[0;32m  OK  [0m] Listening on udev Kernel Socket.
[   14.945457] systemd[1]: Starting Uncomplicated firewall...
         Starting Uncompl[   14.983109] iscsi: registered transport (iser)
icated firewall...
[   15.015649] systemd[1]: Listening on LVM2 poll daemon socket.
[[0;32m  OK  [0m] Listening on LVM2 poll daemon socket.
[   15.042136] systemd[1]: Started Forward Password Requests to Wall Directory Watch.
[[0;32m  OK  [0m] Started Forward Password Requests to Wall Directory Watch.
[   15.057616] systemd[1]: Reached target Encrypted Volumes.
[[0;32m  OK  [0m] Reached target Encrypted Volumes.
[   15.061684] systemd[1]: Listening on LVM2 metadata daemon socket.
[[0;32m  OK  [0m] Listening on LVM2 metadata daemon socket.
[   15.066427] systemd[1]: Mounting Huge Pages File System...
         Mounting Huge Pages File System...
[   15.264206] systemd[1]: Listening on Device-mapper event daemon FIFOs.
[[0;32m  OK  [0m] Listening on Device-mapper event daemon FIFOs.
[   15.534546] systemd[1]: Starting Monitoring of LVM2 mirrors, snapshots etc. using dmeventd or progress polling...
         Starting Monitoring of LVM2 mirrors... dmeventd or progress polling...
[   15.628497] systemd[1]: Listening on udev Control Socket.
[[0;32m  OK  [0m] Listening on udev Control Socket.
[   15.667387] systemd[1]: Starting Nameserver information manager...
         Starting Nameserver information manager...
[   15.692466] systemd[1]: Mounted POSIX Message Queue File System.
[[0;32m  OK  [0m] Mounted POSIX Message Queue File System.
[   15.717413] systemd[1]: Mounted Debug File System.
[[0;32m  OK  [0m] Mounted Debug File System.
[   15.721412] systemd[1]: Mounted Huge Pages File System.
[[0;32m  OK  [0m] Mounted Huge Pages File System.
[   15.724650] systemd[1]: Started Journal Service.
[[0;32m  OK  [0m] Started Journal Service.
[[0;32m  OK  [0m] Started Remount Root and Kernel File Systems.
[[0;32m  OK  [0m] Started Create list of required sta...ce nodes for the current kernel.
[[0;32m  OK  [0m] Started Set console keymap.
[[0;32m  OK  [0m] Started Load Kernel Modules.
[[0;32m  OK  [0m] Started Uncomplicated firewall.
[[0;32m  OK  [0m] Started Nameserver information manager.
[[0;32m  OK  [0m] Started LVM2 metadata daemon.
         Starting Apply Kernel Variables...
         Mounting FUSE Control File System...
         Starting Create Static Device Nodes in /dev...
         Starting udev Coldplug all Devices...
         Starting Load/Save Random Seed...
         Starting Flush Journal to Persistent Storage...
[[0;32m  OK  [0m] Mounted FUSE Control File System.
[[0;32m  OK  [0m] Started Apply Kernel Variables.
[[0;32m  OK  [0m] Started Create Static Device Nodes in /dev.
[[0;32m  OK  [0m] Started Load/Save Random Seed.
[[0;32m  OK  [0m] Started Flush Journal to Persistent Storage.
[[0;32m  OK  [0m] Started udev Coldplug all Devices.
         Starting udev Kernel Device Manager...
[[0;32m  OK  [0m] Started udev Kernel Device Manager.
[[0;32m  OK  [0m] Started Dispatch Password Requests to Console Directory Watch.
[[0;32m  OK  [0m] Started Monitoring of LVM2 mirrors,...ng dmeventd or progress polling.
[[0;32m  OK  [0m] Found device /dev/ttyS0.
[[0;32m  OK  [0m] Listening on Load/Save RF Kill Switch Status /dev/rfkill Watch.
[[0;32m  OK  [0m] Reached target Local File Systems (Pre).
[[0;32m  OK  [0m] Reached target Local File Systems.
         Starting Set console font and keymap...
         Starting Initial cloud-init job (pre-networking)...
         Starting Create Volatile Files and Directories...
         Starting LSB: AppArmor initialization...
         Starting Tell Plymouth To Write Out Runtime Data...
[[0;32m  OK  [0m] Started Create Volatile Files and Directories.
[[0;32m  OK  [0m] Started Tell Plymouth To Write Out Runtime Data.
[[0;32m  OK  [0m] Found device 82540EM Gigabit Ethern...r (PRO/1000 MT Desktop Adapter).
[[0;32m  OK  [0m] Found device 82540EM Gigabit Ethern...r (PRO/1000 MT Desktop Adapter).
         Starting Update UTMP about System Boot/Shutdown...
[[0;32m  OK  [0m] Started Update UTMP about System Boot/Shutdown.
[[0;32m  OK  [0m] Started LSB: AppArmor initialization.
[[0;32m  OK  [0m] Started Set console font and keymap.
[[0;32m  OK  [0m] Created slice system-getty.slice.
[   17.428363] cloud-init[645]: Cloud-init v. 18.4-0ubuntu1~16.04.2 running 'init-local' at Fri, 07 Dec 2018 12:13:59 +0000. Up 17.02 seconds.
[[0;32m  OK  [0m] Started Initial cloud-init job (pre-networking).
[[0;32m  OK  [0m] Reached target Network (Pre).
         Starting Raise network interfaces...
[[0;32m  OK  [0m] Started ifup for enp0s3.
[[0;32m  OK  [0m] Started ifup for enp0s8.
[[0;32m  OK  [0m] Started Raise network interfaces.
[[0;32m  OK  [0m] Reached target Network.
         Starting Initial cloud-init job (metadata service crawler)...
[   18.718963] cloud-init[1073]: Cloud-init v. 18.4-0ubuntu1~16.04.2 running 'init' at Fri, 07 Dec 2018 12:14:00 +0000. Up 18.37 seconds.
[   18.845300] cloud-init[1073]: ci-info: ++++++++++++++++++++++++++++++++++++++Net device info+++++++++++++++++++++++++++++++++++++++
[[   18.908785] cloud-init[1073]: ci-info: +--------+------+-----------------------------+---------------+--------+-------------------+
[   18.909778] cloud-init[1073]: ci-info: | Device |  Up  |           Address           |      Mask     | Scope  |     Hw-Address    |
[   18.910162] cloud-init[1073]: ci-info: +--------+------+-----------------------------+---------------+--------+-------------------+
[   18.910527] cloud-init[1073]: ci-info: | enp0s3 | True |          10.0.2.15          | 255.255.255.0 | global | 02:48:37:b8:a5:68 |
[   18.910887] cloud-init[1073]: ci-info: | enp0s3 | True |  fe80::48:37ff:feb8:a568/64 |       .       |  link  | 02:48:37:b8:a5:68 |
[   18.911280] cloud-init[1073]: ci-info: | enp0s8 | True |        192.168.83.137       | 255.255.255.0 | global | 08:00:27:28:b2:5a |
[   18.911640] cloud-init[1073]: ci-info: | enp0s8 | True | fe80::a00:27ff:fe28:b25a/64 |       .       |  link  | 08:00:27:28:b2:5a |
[   18.911996] cloud-init[1073]: ci-info: |   lo   | True |          127.0.0.1          |   255.0.0.0   |  host  |         .         |
[0;32m  OK  [0m] Started Initial cloud-init job (metadata service crawler).
[   18.945306] cloud-init[1073]: ci-info: |   lo   | True |           ::1/128           |       .       |  host  |         .         |
[   18.951420] cloud-init[1073]: ci-info: +--------+------+-----------------------------+---------------+--------+-------------------+
[   18.956545] cloud-init[1073]: ci-info: ++++++++++++++++++++++++++++Route IPv4 info++++++++++++++++++++++++++++
[   18.961667] cloud-init[1073]: ci-info: +-------+--------------+----------+---------------+-----------+-------+
[   18.966270] cloud-init[1073]: ci-info: | Route | Destination  | Gateway  |    Genmask    | Interface | Flags |
[[0;32m  OK  [0m] Reached target Network is Online.
[   18.976357] cloud-init[1073]: ci-info: +-------+--------------+----------+---------------+-----------+-------+
[   18.976930] cloud-init[1073]: ci-info: |   0   |   0.0.0.0    | 10.0.2.2 |    0.0.0.0    |   enp0s3  |   UG  |
[   18.977063] cloud-init[1073]: ci-info: |   1   |   10.0.2.0   | 0.0.0.0  | 255.255.255.0 |   enp0s3  |   U   |
[   18.977207] cloud-init[1073]: ci-info: |   2   | 192.168.83.0 | 0.0.0.0  | 255.255.255.0 |   enp0s8  |   U   |
[   18.977338] cloud-init[1073]: ci-info: +-------+--------------+----------+---------------+-----------+-------+
[   18.977466] cloud-init[1073]: ci-info: +++++++++++++++++++Route IPv6 info+++++++++++++++++++
[   18.977594] cloud-init[1073]: ci-info: +-------+-------------+---------+-----------+-------+
[   18.977773] cloud-init[1073]: ci-info: | Route | Destination | Gateway | Interface | Flags |
[   18.977908] cloud-init[1073]: ci-info: +-------+-------------+---------+-----------+-------+
[   18.978037] cloud-init[1073]: ci-info: |   0   |  fe80::/64  |    ::   |   enp0s8  |   U   |
[   18.978187] cloud-init[1073]: ci-info: |   1   |  fe80::/64  |    ::   |   enp0s3  |   U   |
[   18.978319] cloud-init[1073]: ci-info: |   4   |   ff00::/8  |    ::   |   enp0s8  |   U   |
[   18.978448] cloud-init[1073]: ci-info: |   5   |   ff00::/8  |    ::   |   enp0s3  |   U   |
[   18.978578] cloud-init[1073]: ci-info: +-------+-------------+---------+-----------+-------+
         Starting iSCSI initiator daemon (iscsid)...
[[0;32m  OK  [0m] Reached target System Initialization.
[[0;32m  OK  [0m] Listening on UUID daemon activation socket.
[[0;32m  OK  [0m] Started Clean PHP session files every 30 mins.
         Starting LXD - unix socket.
[[0;32m  OK  [0m] Started Daily Cleanup of Temporary Directories.
         Starting Socket activation for snappy daemon.
[[0;32m  OK  [0m] Listening on D-Bus System Message Bus Socket.
[[0;32m  OK  [0m] Listening on ACPID Listen Socket.
[[0;32m  OK  [0m] Started Daily apt download activities.
[[0;32m  OK  [0m] Started Daily apt upgrade and clean activities.
[[0;32m  OK  [0m] Reached target Timers.
[[0;32m  OK  [0m] Started ACPI Events Check.
[[0;32m  OK  [0m] Reached target Paths.
[[0;32m  OK  [0m] Reached target Cloud-config availability.
[[0;32m  OK  [0m] Listening on LXD - unix socket.
[[0;32m  OK  [0m] Listening on Socket activation for snappy daemon.
[[0;32m  OK  [0m] Started iSCSI initiator daemon (iscsid).
         Starting Login to default iSCSI targets...
[[0;32m  OK  [0m] Reached target Sockets.
[[0;32m  OK  [0m] Reached target Basic System.
[[0;32m  OK  [0m] Started Deferred execution scheduler.
         Starting Virtualbox guest utils...
         Starting Clean php session files...
[[0;32m  OK  [0m] Started D-Bus System Message Bus.
[[0;32m  OK  [0m] Started FUSE filesystem for LXC.
         Starting The PHP 7.1 FastCGI Process Manager...
         Starting Accounts Service...
[[0;32m  OK  [0m] Started ACPI event daemon.
         Starting System Logging Service...
         Starting LXD - container startup/shutdown...
[[0;32m  OK  [0m] Started Unattended Upgrades Shutdown.
         Starting A high performance web server and a reverse proxy server...
         Starting Snappy daemon...
         Starting MySQL Community Server...
         Starting OpenBSD Secure Shell server...
[[0;32m  OK  [0m] Started Regular background program processing daemon.
[[0;32m  OK  [0m] Started memcached daemon.
         Starting /etc/rc.local Compatibility...
         Starting LSB: MD monitoring daemon...
         Starting LSB: Record successful boot for GRUB...
         Starting Login Service...
[[0;32m  OK  [0m] Started System Logging Service.
[[0;32m  OK  [0m] Started LXD - container startup/shutdown.
[[0;32m  OK  [0m] Started /etc/rc.local Compatibility.
[[0;32m  OK  [0m] Started OpenBSD Secure Shell server.
[[0;32m  OK  [0m] Started Login to default iSCSI targets.
[[0;32m  OK  [0m] Started A high performance web server and a reverse proxy server.
[[0;32m  OK  [0m] Started LSB: Record successful boot for GRUB.
[[0;32m  OK  [0m] Started LSB: MD monitoring daemon.
         Starting Authenticate and Authorize Users to Run Privileged Tasks...
[[0;32m  OK  [0m] Reached target Remote File Systems (Pre).
[[0;32m  OK  [0m] Reached target Remote File Systems.
         Starting LSB: Set the CPU Frequency Scaling governor to "ondemand"...
         Starting LSB: automatic crash report generation...
         Starting LSB: daemon to balance interrupts for SMP systems...
         Starting Permit User Sessions...
[[0;32m  OK  [0m] Started Snappy daemon.
[[0;32m  OK  [0m] Started Permit User Sessions.
[[0;32m  OK  [0m] Started Login Service.
[[0;32m  OK  [0m] Started Authenticate and Authorize Users to Run Privileged Tasks.
[[0;32m  OK  [0m] Started Virtualbox guest utils.
[[0;32m  OK  [0m] Started Accounts Service.
         Starting Hold until boot process finishes up...
         Starting Terminate Plymouth Boot Screen...
         Starting Wait until snapd is fully seeded...
[[0;32m  OK  [0m] Started The PHP 7.1 FastCGI Process Manager.
[[0;32m  OK  [0m] Started Clean php session files.
[[0;32m  OK  [0m] Started LSB: Set the CPU Frequency Scaling governor to "ondemand".
[[0;32m  OK  [0m] Started LSB: daemon to balance interrupts for SMP systems.
[[0;32m  OK  [0m] Started Hold until boot process finishes up.
[[0;32m  OK  [0m] Started Terminate Plymouth Boot Screen.
[[0;32m  OK  [0m] Started Wait until snapd is fully seeded.
         Starting Apply the settings specified in cloud-config...
[[0;32m  OK  [0m] Started Getty on tty1.
[[0;32m  OK  [0m] Started Serial Getty on ttyS0.
[[0;32m  OK  [0m] Reached target Login Prompts.
         Starting Set console scheme...
[[0;32m  OK  [0m] Started LSB: automatic crash report generation.
[[0;32m  OK  [0m] Started Set console scheme.
[   21.490084] cloud-init[1420]: Cloud-init v. 18.4-0ubuntu1~16.04.2 running 'modules:config' at Fri, 07 Dec 2018 12:14:03 +0000. Up 21.33 seconds.
[[0;32m  OK  [0m] Started Apply the settings specified in cloud-config.
[[0;32m  OK  [0m] Started MySQL Community Server.
[[0;32m  OK  [0m] Reached target Multi-User System.
         Starting Execute cloud user/final scripts...
[[0;32m  OK  [0m] Reached target Graphical Interface.
         Starting Update UTMP about System Runlevel Changes...
[[0;32m  OK  [0m] Started Update UTMP about System Runlevel Changes.
[   22.602729] cloud-init[1458]: Cloud-init v. 18.4-0ubuntu1~16.04.2 running 'modules:final' at Fri, 07 Dec 2018 12:14:04 +0000. Up 22.46 seconds.
[[0;32m  OK  [0m] Started Execute cloud user/final scripts.
[   22.668441] cloud-init[1458]: Cloud-init v. 18.4-0ubuntu1~16.04.2 finished at Fri, 07 Dec 2018 12:14:04 +0000. Datasource DataSourceNoCloud [seed=/dev/sdb][dsmode=net].  Up 22.59 seconds
         Starting Daily apt download activities...
[[0;32m  OK  [0m] Reached target Cloud-init target.

Ubuntu 16.04.5 LTS shop-yii2 ttyS0

shop-yii2 login: 